// Jest Snapshot v1, https://goo.gl/fbAQLP

exports[`App test suite with state default value should render correclty the loading auth 1`] = `
<div
  className="spinner-border text-success"
  role="status"
>
  <span
    className="sr-only"
  >
    views.common.text.loading
  </span>
</div>
`;
